This is different, however, because of the custom comparer it doesn't matter.
